// Jest Snapshot v1, https://goo.gl/fbAQLP

exports[`Home render with snapshot 1`] = `
<DocumentFragment>
  <div>
    Home
  </div>
</DocumentFragment>
`;
